[127.0.0.1/wordpress/index.html]
[backblue.gif]
[fade.gif]
[index.html]
[127.0.0.1/wordpress/wp-content/themes/themify-ultra/themify/css/themify.common.minfe9d.css]
[127.0.0.1/wordpress/wp-includes/css/dist/block-library/style.min7923.css]
[127.0.0.1/wordpress/feed/index.html]
[127.0.0.1/wordpress/wp-content/themes/themify-ultra/style.min337d.css]
[127.0.0.1/wordpress/wp-content/themes/themify-ultra/media-queries.min337d.css]
[127.0.0.1/wordpress/comments/feed/index.html]
[127.0.0.1/wordpress/wp-content/themes/themify-ultra/styles/boxed-compact.min337d.css]
[127.0.0.1/wordpress/wp-content/themes/themify-ultra/styles/theme-font-sans-serif.min337d.css]
[127.0.0.1/wordpress/wp-content/themes/themify-ultra/styles/theme-color-grey.min337d.css]
[127.0.0.1/wordpress/wp-content/uploads/themify-css/themify-builder-8-generateda27e.css]
[127.0.0.1/wordpress/xmlrpc0db0.php]
[127.0.0.1/wordpress/wp-includes/js/jquery/jquery-migrate.min330a.js]
[127.0.0.1/wordpress/wp-includes/wlwmanifest.xml]
[127.0.0.1/wordpress/wp-includes/js/jquery/jquery4a5f.js]
[127.0.0.1/wordpress/wp-json/oembed/1.0/embedea0a.json]
[127.0.0.1/wordpress/wp-json/index.html]
[127.0.0.1/wordpress/wp-json/oembed/1.0/embed7859]
[127.0.0.1/wordpress/wp-content/themes/themify-ultra/themify/themify-builder/css/themify-builder-style.minfe9d.css]
[127.0.0.1/wordpress/audioteka/index.html]
[127.0.0.1/wordpress/wp-content/uploads/2019/12/IMG_20180622_155821_BURST006-scaled.jpg]
[127.0.0.1/wordpress/wp-content/themes/themify-ultra/themify/js/themify.sidemenu.min337d.js]
[127.0.0.1/wordpress/wp-content/themes/themify-ultra/themify/js/main.minfe9d.js]
[127.0.0.1/wordpress/wp-includes/js/wp-embed.min7923.js]
[127.0.0.1/wordpress/index.html]
[127.0.0.1/wordpress/wp-content/themes/themify-ultra/themify/css/themify.common.minfe9d.css]
[127.0.0.1/wordpress/wp-includes/css/dist/block-library/style.min7923.css]
[127.0.0.1/wordpress/wp-content/themes/themify-ultra/js/themify.script.min337d.js]
[127.0.0.1/wordpress/wp-content/themes/themify-ultra/style.min337d.css]
[127.0.0.1/wordpress/wp-content/themes/themify-ultra/media-queries.min337d.css]
[127.0.0.1/wordpress/wp-content/themes/themify-ultra/styles/boxed-compact.min337d.css]
[127.0.0.1/wordpress/wp-content/themes/themify-ultra/styles/theme-font-sans-serif.min337d.css]
[127.0.0.1/wordpress/wp-content/themes/themify-ultra/styles/theme-color-grey.min337d.css]
[127.0.0.1/wordpress/wp-content/uploads/2019/12/hero.jpg]
[127.0.0.1/wordpress/wp-content/uploads/themify-css/themify-builder-8-generateda27e.css]
[127.0.0.1/wordpress/wp-content/uploads/themify-css/themify-builder-25-generated95ea.css]
[127.0.0.1/wordpress/wp-json/oembed/1.0/embedb39c.json]
[127.0.0.1/wordpress/wp-json/oembed/1.0/embed95ae]
[127.0.0.1/wordpress/wp-content/uploads/2019/12/AUDIO.jpg]
[127.0.0.1/wordpress/wp-content/uploads/2019/12/Gyvenimo-liepsna.-Lėjai-mano-mažajai-sesutei-1-dalis230a.mp3]
[127.0.0.1/wordpress/wp-content/uploads/2019/12/Gyvenimo-liepsna.-Lėjai-mano-mažajai-sesutei-1-dalis.mp3]
[127.0.0.1/wordpress/wp-content/uploads/2019/12/Gyvenimo-liepsna.-Lėjai-mano-mažajai-sesutei-2-dalise6f8.mp3]
[127.0.0.1/wordpress/wp-content/uploads/2019/12/Gyvenimo-liepsna.-Lėjai-mano-mažajai-sesutei-2-dalis.mp3]
[127.0.0.1/wordpress/wp-content/uploads/2019/12/Gyvenimo-liepsna.-Lėjai-mano-mažajai-sesutei-3-dalis4640.mp3]
[127.0.0.1/wordpress/wp-content/uploads/2019/12/Gyvenimo-liepsna.-Lėjai-mano-mažajai-sesutei-3-dalis.mp3]
[127.0.0.1/wordpress/wp-includes/js/mediaelement/mediaelementplayer-legacy.minc270.css]
[127.0.0.1/wordpress/wp-includes/js/mediaelement/wp-mediaelement.min7923.css]
[127.0.0.1/wordpress/wp-includes/js/mediaelement/mediaelement-migrate.min7923.js]
[127.0.0.1/wordpress/audioteka/index.html]
[127.0.0.1/wordpress/wp-includes/js/mediaelement/wp-mediaelement.min7923.js]
[127.0.0.1/wordpress/wp-includes/js/mediaelement/mediaelement-and-player.minc270.js]
[127.0.0.1/wordpress/wp-content/themes/themify-ultra/themify/themify-builder/css/themify-builder-style.minfe9d.css]
[127.0.0.1/wordpress/wp-content/uploads/themify-css/themify-builder-25-generated95ea.css]
[127.0.0.1/wordpress/index970c.html]
[127.0.0.1/wordpress/wp-includes/js/mediaelement/mediaelementplayer-legacy.minc270.css]
[127.0.0.1/wordpress/wp-includes/js/mediaelement/wp-mediaelement.min7923.css]
[127.0.0.1/wordpress/wp-includes/js/mediaelement/mejs-controls.svg]
